2026-05-10 16:24:40.752 [JavaFX-Launcher] INFO  com.phonecase.App - Ініціалізація застосунку PhoneCase Manager...
2026-05-10 16:24:40.908 [JavaFX-Launcher] INFO  c.p.config.DatabaseConnection - Ініціалізація пулу з'єднань: jdbc:sqlite:phonecase.db
2026-05-10 16:24:41.085 [JavaFX-Launcher] INFO  c.p.config.DatabaseConnection - Пул з'єднань створено (5 з'єднань).
2026-05-10 16:24:41.086 [JavaFX-Launcher] INFO  c.p.config.DatabaseInitializer - Ініціалізація схеми бази даних...
2026-05-10 16:24:41.087 [JavaFX-Launcher] INFO  c.p.config.DatabaseInitializer - DDL виконано успішно.
2026-05-10 16:24:41.092 [JavaFX-Launcher] ERROR c.p.config.DatabaseInitializer - Помилка ініціалізації БД: [SQLITE_ERROR] SQL error or missing database (near "яч": syntax error)
org.sqlite.SQLiteException: [SQLITE_ERROR] SQL error or missing database (near "яч": syntax error)
	at org.sqlite.core.DB.newSQLException(DB.java:1179)
	at org.sqlite.core.DB.newSQLException(DB.java:1190)
	at org.sqlite.core.DB.throwex(DB.java:1150)
	at org.sqlite.core.NativeDB.prepare_utf8(Native Method)
	at org.sqlite.core.NativeDB.prepare(NativeDB.java:126)
	at org.sqlite.core.DB.prepare(DB.java:264)
	at org.sqlite.jdbc3.JDBC3Statement.lambda$execute$0(JDBC3Statement.java:51)
	at org.sqlite.jdbc3.JDBC3Statement.withConnectionTimeout(JDBC3Statement.java:455)
	at org.sqlite.jdbc3.JDBC3Statement.execute(JDBC3Statement.java:40)
	at com.phonecase.config.DatabaseInitializer.seedData(DatabaseInitializer.java:226)
	at com.phonecase.config.DatabaseInitializer.initialize(DatabaseInitializer.java:41)
	at com.phonecase.App.init(App.java:50)
	at javafx.graphics@21.0.1/com.sun.javafx.application.LauncherImpl.launchApplication1(LauncherImpl.java:817)
	at javafx.graphics@21.0.1/com.sun.javafx.application.LauncherImpl.lambda$launchApplication$2(LauncherImpl.java:196)
	at java.base/java.lang.Thread.run(Thread.java:1583)
2026-05-10 16:24:41.093 [JavaFX-Launcher] INFO  com.phonecase.App - DI-контейнер та БД ініціалізовано успішно.
2026-05-10 16:24:41.106 [JavaFX Application Thread] INFO  com.phonecase.App - Запуск головного вікна...
2026-05-10 16:24:41.286 [JavaFX Application Thread] DEBUG c.p.ui.controller.LoginController - LoginController ініціалізовано.
2026-05-10 16:24:41.657 [JavaFX Application Thread] INFO  com.phonecase.App - Застосунок запущено.
2026-05-10 16:24:50.331 [Thread-3] ERROR c.p.repository.UserRepositoryImpl - Помилка пошуку користувача: [SQLITE_ERROR] SQL error or missing database (no such table: users)
org.sqlite.SQLiteException: [SQLITE_ERROR] SQL error or missing database (no such table: users)
	at org.sqlite.core.DB.newSQLException(DB.java:1179)
	at org.sqlite.core.DB.newSQLException(DB.java:1190)
	at org.sqlite.core.DB.throwex(DB.java:1150)
	at org.sqlite.core.NativeDB.prepare_utf8(Native Method)
	at org.sqlite.core.NativeDB.prepare(NativeDB.java:126)
	at org.sqlite.core.DB.prepare(DB.java:264)
	at org.sqlite.core.CorePreparedStatement.<init>(CorePreparedStatement.java:46)
	at org.sqlite.jdbc3.JDBC3PreparedStatement.<init>(JDBC3PreparedStatement.java:32)
	at org.sqlite.jdbc4.JDBC4PreparedStatement.<init>(JDBC4PreparedStatement.java:25)
	at org.sqlite.jdbc4.JDBC4Connection.prepareStatement(JDBC4Connection.java:34)
	at org.sqlite.jdbc3.JDBC3Connection.prepareStatement(JDBC3Connection.java:225)
	at org.sqlite.jdbc3.JDBC3Connection.prepareStatement(JDBC3Connection.java:205)
	at com.phonecase.repository.UserRepositoryImpl.findByField(UserRepositoryImpl.java:147)
	at com.phonecase.repository.UserRepositoryImpl.findByUsername(UserRepositoryImpl.java:60)
	at com.phonecase.service.UserServiceImpl.authenticate(UserServiceImpl.java:45)
	at com.phonecase.ui.controller.LoginController$1.call(LoginController.java:103)
	at com.phonecase.ui.controller.LoginController$1.call(LoginController.java:100)
	at javafx.graphics@21.0.1/javafx.concurrent.Task$TaskCallable.call(Task.java:1399)
	at java.base/java.util.concurrent.FutureTask.run(FutureTask.java:317)
	at java.base/java.lang.Thread.run(Thread.java:1583)
2026-05-10 16:25:06.903 [Thread-4] ERROR c.p.repository.UserRepositoryImpl - Помилка пошуку користувача: [SQLITE_ERROR] SQL error or missing database (no such table: users)
org.sqlite.SQLiteException: [SQLITE_ERROR] SQL error or missing database (no such table: users)
	at org.sqlite.core.DB.newSQLException(DB.java:1179)
	at org.sqlite.core.DB.newSQLException(DB.java:1190)
	at org.sqlite.core.DB.throwex(DB.java:1150)
	at org.sqlite.core.NativeDB.prepare_utf8(Native Method)
	at org.sqlite.core.NativeDB.prepare(NativeDB.java:126)
	at org.sqlite.core.DB.prepare(DB.java:264)
	at org.sqlite.core.CorePreparedStatement.<init>(CorePreparedStatement.java:46)
	at org.sqlite.jdbc3.JDBC3PreparedStatement.<init>(JDBC3PreparedStatement.java:32)
	at org.sqlite.jdbc4.JDBC4PreparedStatement.<init>(JDBC4PreparedStatement.java:25)
	at org.sqlite.jdbc4.JDBC4Connection.prepareStatement(JDBC4Connection.java:34)
	at org.sqlite.jdbc3.JDBC3Connection.prepareStatement(JDBC3Connection.java:225)
	at org.sqlite.jdbc3.JDBC3Connection.prepareStatement(JDBC3Connection.java:205)
	at com.phonecase.repository.UserRepositoryImpl.findByField(UserRepositoryImpl.java:147)
	at com.phonecase.repository.UserRepositoryImpl.findByUsername(UserRepositoryImpl.java:60)
	at com.phonecase.repository.UserRepositoryImpl.existsByUsername(UserRepositoryImpl.java:70)
	at com.phonecase.service.UserServiceImpl.register(UserServiceImpl.java:58)
	at com.phonecase.ui.controller.RegisterController$1.call(RegisterController.java:96)
	at com.phonecase.ui.controller.RegisterController$1.call(RegisterController.java:93)
	at javafx.graphics@21.0.1/javafx.concurrent.Task$TaskCallable.call(Task.java:1399)
	at java.base/java.util.concurrent.FutureTask.run(FutureTask.java:317)
	at java.base/java.lang.Thread.run(Thread.java:1583)
2026-05-10 16:25:06.904 [Thread-4] ERROR c.p.repository.UserRepositoryImpl - Помилка збереження користувача: [SQLITE_ERROR] SQL error or missing database (no such table: users)
org.sqlite.SQLiteException: [SQLITE_ERROR] SQL error or missing database (no such table: users)
	at org.sqlite.core.DB.newSQLException(DB.java:1179)
	at org.sqlite.core.DB.newSQLException(DB.java:1190)
	at org.sqlite.core.DB.throwex(DB.java:1150)
	at org.sqlite.core.NativeDB.prepare_utf8(Native Method)
	at org.sqlite.core.NativeDB.prepare(NativeDB.java:126)
	at org.sqlite.core.DB.prepare(DB.java:264)
	at org.sqlite.core.CorePreparedStatement.<init>(CorePreparedStatement.java:46)
	at org.sqlite.jdbc3.JDBC3PreparedStatement.<init>(JDBC3PreparedStatement.java:32)
	at org.sqlite.jdbc4.JDBC4PreparedStatement.<init>(JDBC4PreparedStatement.java:25)
	at org.sqlite.jdbc4.JDBC4Connection.prepareStatement(JDBC4Connection.java:34)
	at org.sqlite.jdbc3.JDBC3Connection.prepareStatement(JDBC3Connection.java:225)
	at org.sqlite.jdbc3.JDBC3Connection.prepareStatement(JDBC3Connection.java:205)
	at org.sqlite.jdbc3.JDBC3Connection.prepareStatement(JDBC3Connection.java:210)
	at com.phonecase.repository.UserRepositoryImpl.save(UserRepositoryImpl.java:34)
	at com.phonecase.repository.UserRepositoryImpl.save(UserRepositoryImpl.java:19)
	at com.phonecase.service.UserServiceImpl.register(UserServiceImpl.java:63)
	at com.phonecase.ui.controller.RegisterController$1.call(RegisterController.java:96)
	at com.phonecase.ui.controller.RegisterController$1.call(RegisterController.java:93)
	at javafx.graphics@21.0.1/javafx.concurrent.Task$TaskCallable.call(Task.java:1399)
	at java.base/java.util.concurrent.FutureTask.run(FutureTask.java:317)
	at java.base/java.lang.Thread.run(Thread.java:1583)
2026-05-10 16:25:06.907 [JavaFX Application Thread] ERROR c.p.ui.controller.RegisterController - Помилка реєстрації: Не вдалось зберегти користувача
2026-05-10 16:25:11.257 [Thread-5] ERROR c.p.repository.UserRepositoryImpl - Помилка пошуку користувача: [SQLITE_ERROR] SQL error or missing database (no such table: users)
org.sqlite.SQLiteException: [SQLITE_ERROR] SQL error or missing database (no such table: users)
	at org.sqlite.core.DB.newSQLException(DB.java:1179)
	at org.sqlite.core.DB.newSQLException(DB.java:1190)
	at org.sqlite.core.DB.throwex(DB.java:1150)
	at org.sqlite.core.NativeDB.prepare_utf8(Native Method)
	at org.sqlite.core.NativeDB.prepare(NativeDB.java:126)
	at org.sqlite.core.DB.prepare(DB.java:264)
	at org.sqlite.core.CorePreparedStatement.<init>(CorePreparedStatement.java:46)
	at org.sqlite.jdbc3.JDBC3PreparedStatement.<init>(JDBC3PreparedStatement.java:32)
	at org.sqlite.jdbc4.JDBC4PreparedStatement.<init>(JDBC4PreparedStatement.java:25)
	at org.sqlite.jdbc4.JDBC4Connection.prepareStatement(JDBC4Connection.java:34)
	at org.sqlite.jdbc3.JDBC3Connection.prepareStatement(JDBC3Connection.java:225)
	at org.sqlite.jdbc3.JDBC3Connection.prepareStatement(JDBC3Connection.java:205)
	at com.phonecase.repository.UserRepositoryImpl.findByField(UserRepositoryImpl.java:147)
	at com.phonecase.repository.UserRepositoryImpl.findByUsername(UserRepositoryImpl.java:60)
	at com.phonecase.repository.UserRepositoryImpl.existsByUsername(UserRepositoryImpl.java:70)
	at com.phonecase.service.UserServiceImpl.register(UserServiceImpl.java:58)
	at com.phonecase.ui.controller.RegisterController$1.call(RegisterController.java:96)
	at com.phonecase.ui.controller.RegisterController$1.call(RegisterController.java:93)
	at javafx.graphics@21.0.1/javafx.concurrent.Task$TaskCallable.call(Task.java:1399)
	at java.base/java.util.concurrent.FutureTask.run(FutureTask.java:317)
	at java.base/java.lang.Thread.run(Thread.java:1583)
2026-05-10 16:25:11.258 [Thread-5] ERROR c.p.repository.UserRepositoryImpl - Помилка збереження користувача: [SQLITE_ERROR] SQL error or missing database (no such table: users)
org.sqlite.SQLiteException: [SQLITE_ERROR] SQL error or missing database (no such table: users)
	at org.sqlite.core.DB.newSQLException(DB.java:1179)
	at org.sqlite.core.DB.newSQLException(DB.java:1190)
	at org.sqlite.core.DB.throwex(DB.java:1150)
	at org.sqlite.core.NativeDB.prepare_utf8(Native Method)
	at org.sqlite.core.NativeDB.prepare(NativeDB.java:126)
	at org.sqlite.core.DB.prepare(DB.java:264)
	at org.sqlite.core.CorePreparedStatement.<init>(CorePreparedStatement.java:46)
	at org.sqlite.jdbc3.JDBC3PreparedStatement.<init>(JDBC3PreparedStatement.java:32)
	at org.sqlite.jdbc4.JDBC4PreparedStatement.<init>(JDBC4PreparedStatement.java:25)
	at org.sqlite.jdbc4.JDBC4Connection.prepareStatement(JDBC4Connection.java:34)
	at org.sqlite.jdbc3.JDBC3Connection.prepareStatement(JDBC3Connection.java:225)
	at org.sqlite.jdbc3.JDBC3Connection.prepareStatement(JDBC3Connection.java:205)
	at org.sqlite.jdbc3.JDBC3Connection.prepareStatement(JDBC3Connection.java:210)
	at com.phonecase.repository.UserRepositoryImpl.save(UserRepositoryImpl.java:34)
	at com.phonecase.repository.UserRepositoryImpl.save(UserRepositoryImpl.java:19)
	at com.phonecase.service.UserServiceImpl.register(UserServiceImpl.java:63)
	at com.phonecase.ui.controller.RegisterController$1.call(RegisterController.java:96)
	at com.phonecase.ui.controller.RegisterController$1.call(RegisterController.java:93)
	at javafx.graphics@21.0.1/javafx.concurrent.Task$TaskCallable.call(Task.java:1399)
	at java.base/java.util.concurrent.FutureTask.run(FutureTask.java:317)
	at java.base/java.lang.Thread.run(Thread.java:1583)
2026-05-10 16:25:11.259 [JavaFX Application Thread] ERROR c.p.ui.controller.RegisterController - Помилка реєстрації: Не вдалось зберегти користувача
2026-05-10 16:25:13.606 [Thread-6] ERROR c.p.repository.UserRepositoryImpl - Помилка пошуку користувача: [SQLITE_ERROR] SQL error or missing database (no such table: users)
org.sqlite.SQLiteException: [SQLITE_ERROR] SQL error or missing database (no such table: users)
	at org.sqlite.core.DB.newSQLException(DB.java:1179)
	at org.sqlite.core.DB.newSQLException(DB.java:1190)
	at org.sqlite.core.DB.throwex(DB.java:1150)
	at org.sqlite.core.NativeDB.prepare_utf8(Native Method)
	at org.sqlite.core.NativeDB.prepare(NativeDB.java:126)
	at org.sqlite.core.DB.prepare(DB.java:264)
	at org.sqlite.core.CorePreparedStatement.<init>(CorePreparedStatement.java:46)
	at org.sqlite.jdbc3.JDBC3PreparedStatement.<init>(JDBC3PreparedStatement.java:32)
	at org.sqlite.jdbc4.JDBC4PreparedStatement.<init>(JDBC4PreparedStatement.java:25)
	at org.sqlite.jdbc4.JDBC4Connection.prepareStatement(JDBC4Connection.java:34)
	at org.sqlite.jdbc3.JDBC3Connection.prepareStatement(JDBC3Connection.java:225)
	at org.sqlite.jdbc3.JDBC3Connection.prepareStatement(JDBC3Connection.java:205)
	at com.phonecase.repository.UserRepositoryImpl.findByField(UserRepositoryImpl.java:147)
	at com.phonecase.repository.UserRepositoryImpl.findByUsername(UserRepositoryImpl.java:60)
	at com.phonecase.repository.UserRepositoryImpl.existsByUsername(UserRepositoryImpl.java:70)
	at com.phonecase.service.UserServiceImpl.register(UserServiceImpl.java:58)
	at com.phonecase.ui.controller.RegisterController$1.call(RegisterController.java:96)
	at com.phonecase.ui.controller.RegisterController$1.call(RegisterController.java:93)
	at javafx.graphics@21.0.1/javafx.concurrent.Task$TaskCallable.call(Task.java:1399)
	at java.base/java.util.concurrent.FutureTask.run(FutureTask.java:317)
	at java.base/java.lang.Thread.run(Thread.java:1583)
2026-05-10 16:25:13.607 [Thread-6] ERROR c.p.repository.UserRepositoryImpl - Помилка збереження користувача: [SQLITE_ERROR] SQL error or missing database (no such table: users)
org.sqlite.SQLiteException: [SQLITE_ERROR] SQL error or missing database (no such table: users)
	at org.sqlite.core.DB.newSQLException(DB.java:1179)
	at org.sqlite.core.DB.newSQLException(DB.java:1190)
	at org.sqlite.core.DB.throwex(DB.java:1150)
	at org.sqlite.core.NativeDB.prepare_utf8(Native Method)
	at org.sqlite.core.NativeDB.prepare(NativeDB.java:126)
	at org.sqlite.core.DB.prepare(DB.java:264)
	at org.sqlite.core.CorePreparedStatement.<init>(CorePreparedStatement.java:46)
	at org.sqlite.jdbc3.JDBC3PreparedStatement.<init>(JDBC3PreparedStatement.java:32)
	at org.sqlite.jdbc4.JDBC4PreparedStatement.<init>(JDBC4PreparedStatement.java:25)
	at org.sqlite.jdbc4.JDBC4Connection.prepareStatement(JDBC4Connection.java:34)
	at org.sqlite.jdbc3.JDBC3Connection.prepareStatement(JDBC3Connection.java:225)
	at org.sqlite.jdbc3.JDBC3Connection.prepareStatement(JDBC3Connection.java:205)
	at org.sqlite.jdbc3.JDBC3Connection.prepareStatement(JDBC3Connection.java:210)
	at com.phonecase.repository.UserRepositoryImpl.save(UserRepositoryImpl.java:34)
	at com.phonecase.repository.UserRepositoryImpl.save(UserRepositoryImpl.java:19)
	at com.phonecase.service.UserServiceImpl.register(UserServiceImpl.java:63)
	at com.phonecase.ui.controller.RegisterController$1.call(RegisterController.java:96)
	at com.phonecase.ui.controller.RegisterController$1.call(RegisterController.java:93)
	at javafx.graphics@21.0.1/javafx.concurrent.Task$TaskCallable.call(Task.java:1399)
	at java.base/java.util.concurrent.FutureTask.run(FutureTask.java:317)
	at java.base/java.lang.Thread.run(Thread.java:1583)
2026-05-10 16:25:13.607 [JavaFX Application Thread] ERROR c.p.ui.controller.RegisterController - Помилка реєстрації: Не вдалось зберегти користувача
2026-05-10 16:25:39.585 [JavaFX Application Thread] DEBUG c.p.ui.controller.LoginController - LoginController ініціалізовано.
2026-05-10 16:25:47.943 [Thread-7] ERROR c.p.repository.UserRepositoryImpl - Помилка пошуку користувача: [SQLITE_ERROR] SQL error or missing database (no such table: users)
org.sqlite.SQLiteException: [SQLITE_ERROR] SQL error or missing database (no such table: users)
	at org.sqlite.core.DB.newSQLException(DB.java:1179)
	at org.sqlite.core.DB.newSQLException(DB.java:1190)
	at org.sqlite.core.DB.throwex(DB.java:1150)
	at org.sqlite.core.NativeDB.prepare_utf8(Native Method)
	at org.sqlite.core.NativeDB.prepare(NativeDB.java:126)
	at org.sqlite.core.DB.prepare(DB.java:264)
	at org.sqlite.core.CorePreparedStatement.<init>(CorePreparedStatement.java:46)
	at org.sqlite.jdbc3.JDBC3PreparedStatement.<init>(JDBC3PreparedStatement.java:32)
	at org.sqlite.jdbc4.JDBC4PreparedStatement.<init>(JDBC4PreparedStatement.java:25)
	at org.sqlite.jdbc4.JDBC4Connection.prepareStatement(JDBC4Connection.java:34)
	at org.sqlite.jdbc3.JDBC3Connection.prepareStatement(JDBC3Connection.java:225)
	at org.sqlite.jdbc3.JDBC3Connection.prepareStatement(JDBC3Connection.java:205)
	at com.phonecase.repository.UserRepositoryImpl.findByField(UserRepositoryImpl.java:147)
	at com.phonecase.repository.UserRepositoryImpl.findByUsername(UserRepositoryImpl.java:60)
	at com.phonecase.service.UserServiceImpl.authenticate(UserServiceImpl.java:45)
	at com.phonecase.ui.controller.LoginController$1.call(LoginController.java:103)
	at com.phonecase.ui.controller.LoginController$1.call(LoginController.java:100)
	at javafx.graphics@21.0.1/javafx.concurrent.Task$TaskCallable.call(Task.java:1399)
	at java.base/java.util.concurrent.FutureTask.run(FutureTask.java:317)
	at java.base/java.lang.Thread.run(Thread.java:1583)
2026-05-10 16:28:45.032 [Thread-8] ERROR c.p.repository.UserRepositoryImpl - Помилка пошуку користувача: [SQLITE_ERROR] SQL error or missing database (no such table: users)
org.sqlite.SQLiteException: [SQLITE_ERROR] SQL error or missing database (no such table: users)
	at org.sqlite.core.DB.newSQLException(DB.java:1179)
	at org.sqlite.core.DB.newSQLException(DB.java:1190)
	at org.sqlite.core.DB.throwex(DB.java:1150)
	at org.sqlite.core.NativeDB.prepare_utf8(Native Method)
	at org.sqlite.core.NativeDB.prepare(NativeDB.java:126)
	at org.sqlite.core.DB.prepare(DB.java:264)
	at org.sqlite.core.CorePreparedStatement.<init>(CorePreparedStatement.java:46)
	at org.sqlite.jdbc3.JDBC3PreparedStatement.<init>(JDBC3PreparedStatement.java:32)
	at org.sqlite.jdbc4.JDBC4PreparedStatement.<init>(JDBC4PreparedStatement.java:25)
	at org.sqlite.jdbc4.JDBC4Connection.prepareStatement(JDBC4Connection.java:34)
	at org.sqlite.jdbc3.JDBC3Connection.prepareStatement(JDBC3Connection.java:225)
	at org.sqlite.jdbc3.JDBC3Connection.prepareStatement(JDBC3Connection.java:205)
	at com.phonecase.repository.UserRepositoryImpl.findByField(UserRepositoryImpl.java:147)
	at com.phonecase.repository.UserRepositoryImpl.findByUsername(UserRepositoryImpl.java:60)
	at com.phonecase.service.UserServiceImpl.authenticate(UserServiceImpl.java:45)
	at com.phonecase.ui.controller.LoginController$1.call(LoginController.java:103)
	at com.phonecase.ui.controller.LoginController$1.call(LoginController.java:100)
	at javafx.graphics@21.0.1/javafx.concurrent.Task$TaskCallable.call(Task.java:1399)
	at java.base/java.util.concurrent.FutureTask.run(FutureTask.java:317)
	at java.base/java.lang.Thread.run(Thread.java:1583)
2026-05-10 16:28:54.675 [JavaFX-Launcher] INFO  com.phonecase.App - Ініціалізація застосунку PhoneCase Manager...
2026-05-10 16:28:54.833 [JavaFX-Launcher] INFO  c.p.config.DatabaseConnection - Ініціалізація пулу з'єднань: jdbc:sqlite:phonecase.db
2026-05-10 16:28:55.007 [JavaFX-Launcher] INFO  c.p.config.DatabaseConnection - Пул з'єднань створено (5 з'єднань).
2026-05-10 16:28:55.008 [JavaFX-Launcher] INFO  c.p.config.DatabaseInitializer - Ініціалізація схеми бази даних...
2026-05-10 16:28:55.011 [JavaFX-Launcher] INFO  c.p.config.DatabaseInitializer - DDL виконано успішно.
2026-05-10 16:28:55.016 [JavaFX-Launcher] ERROR c.p.config.DatabaseInitializer - Помилка ініціалізації БД: [SQLITE_ERROR] SQL error or missing database (near "яч": syntax error)
org.sqlite.SQLiteException: [SQLITE_ERROR] SQL error or missing database (near "яч": syntax error)
	at org.sqlite.core.DB.newSQLException(DB.java:1179)
	at org.sqlite.core.DB.newSQLException(DB.java:1190)
	at org.sqlite.core.DB.throwex(DB.java:1150)
	at org.sqlite.core.NativeDB.prepare_utf8(Native Method)
	at org.sqlite.core.NativeDB.prepare(NativeDB.java:126)
	at org.sqlite.core.DB.prepare(DB.java:264)
	at org.sqlite.jdbc3.JDBC3Statement.lambda$execute$0(JDBC3Statement.java:51)
	at org.sqlite.jdbc3.JDBC3Statement.withConnectionTimeout(JDBC3Statement.java:455)
	at org.sqlite.jdbc3.JDBC3Statement.execute(JDBC3Statement.java:40)
	at com.phonecase.config.DatabaseInitializer.seedData(DatabaseInitializer.java:226)
	at com.phonecase.config.DatabaseInitializer.initialize(DatabaseInitializer.java:41)
	at com.phonecase.App.init(App.java:50)
	at javafx.graphics@21.0.1/com.sun.javafx.application.LauncherImpl.launchApplication1(LauncherImpl.java:817)
	at javafx.graphics@21.0.1/com.sun.javafx.application.LauncherImpl.lambda$launchApplication$2(LauncherImpl.java:196)
	at java.base/java.lang.Thread.run(Thread.java:1583)
2026-05-10 16:28:55.018 [JavaFX-Launcher] INFO  com.phonecase.App - DI-контейнер та БД ініціалізовано успішно.
2026-05-10 16:28:55.031 [JavaFX Application Thread] INFO  com.phonecase.App - Запуск головного вікна...
2026-05-10 16:28:55.209 [JavaFX Application Thread] DEBUG c.p.ui.controller.LoginController - LoginController ініціалізовано.
2026-05-10 16:28:55.511 [JavaFX Application Thread] INFO  com.phonecase.App - Застосунок запущено.
2026-05-10 16:29:01.162 [Thread-3] ERROR c.p.repository.UserRepositoryImpl - Помилка пошуку користувача: [SQLITE_ERROR] SQL error or missing database (no such table: users)
org.sqlite.SQLiteException: [SQLITE_ERROR] SQL error or missing database (no such table: users)
	at org.sqlite.core.DB.newSQLException(DB.java:1179)
	at org.sqlite.core.DB.newSQLException(DB.java:1190)
	at org.sqlite.core.DB.throwex(DB.java:1150)
	at org.sqlite.core.NativeDB.prepare_utf8(Native Method)
	at org.sqlite.core.NativeDB.prepare(NativeDB.java:126)
	at org.sqlite.core.DB.prepare(DB.java:264)
	at org.sqlite.core.CorePreparedStatement.<init>(CorePreparedStatement.java:46)
	at org.sqlite.jdbc3.JDBC3PreparedStatement.<init>(JDBC3PreparedStatement.java:32)
	at org.sqlite.jdbc4.JDBC4PreparedStatement.<init>(JDBC4PreparedStatement.java:25)
	at org.sqlite.jdbc4.JDBC4Connection.prepareStatement(JDBC4Connection.java:34)
	at org.sqlite.jdbc3.JDBC3Connection.prepareStatement(JDBC3Connection.java:225)
	at org.sqlite.jdbc3.JDBC3Connection.prepareStatement(JDBC3Connection.java:205)
	at com.phonecase.repository.UserRepositoryImpl.findByField(UserRepositoryImpl.java:147)
	at com.phonecase.repository.UserRepositoryImpl.findByUsername(UserRepositoryImpl.java:60)
	at com.phonecase.service.UserServiceImpl.authenticate(UserServiceImpl.java:45)
	at com.phonecase.ui.controller.LoginController$1.call(LoginController.java:103)
	at com.phonecase.ui.controller.LoginController$1.call(LoginController.java:100)
	at javafx.graphics@21.0.1/javafx.concurrent.Task$TaskCallable.call(Task.java:1399)
	at java.base/java.util.concurrent.FutureTask.run(FutureTask.java:317)
	at java.base/java.lang.Thread.run(Thread.java:1583)
2026-05-10 16:29:34.402 [Thread-4] ERROR c.p.repository.UserRepositoryImpl - Помилка пошуку користувача: [SQLITE_ERROR] SQL error or missing database (no such table: users)
org.sqlite.SQLiteException: [SQLITE_ERROR] SQL error or missing database (no such table: users)
	at org.sqlite.core.DB.newSQLException(DB.java:1179)
	at org.sqlite.core.DB.newSQLException(DB.java:1190)
	at org.sqlite.core.DB.throwex(DB.java:1150)
	at org.sqlite.core.NativeDB.prepare_utf8(Native Method)
	at org.sqlite.core.NativeDB.prepare(NativeDB.java:126)
	at org.sqlite.core.DB.prepare(DB.java:264)
	at org.sqlite.core.CorePreparedStatement.<init>(CorePreparedStatement.java:46)
	at org.sqlite.jdbc3.JDBC3PreparedStatement.<init>(JDBC3PreparedStatement.java:32)
	at org.sqlite.jdbc4.JDBC4PreparedStatement.<init>(JDBC4PreparedStatement.java:25)
	at org.sqlite.jdbc4.JDBC4Connection.prepareStatement(JDBC4Connection.java:34)
	at org.sqlite.jdbc3.JDBC3Connection.prepareStatement(JDBC3Connection.java:225)
	at org.sqlite.jdbc3.JDBC3Connection.prepareStatement(JDBC3Connection.java:205)
	at com.phonecase.repository.UserRepositoryImpl.findByField(UserRepositoryImpl.java:147)
	at com.phonecase.repository.UserRepositoryImpl.findByUsername(UserRepositoryImpl.java:60)
	at com.phonecase.service.UserServiceImpl.authenticate(UserServiceImpl.java:45)
	at com.phonecase.ui.controller.LoginController$1.call(LoginController.java:103)
	at com.phonecase.ui.controller.LoginController$1.call(LoginController.java:100)
	at javafx.graphics@21.0.1/javafx.concurrent.Task$TaskCallable.call(Task.java:1399)
	at java.base/java.util.concurrent.FutureTask.run(FutureTask.java:317)
	at java.base/java.lang.Thread.run(Thread.java:1583)
2026-05-10 18:00:46.129 [JavaFX-Launcher] INFO  com.phonecase.App - Ініціалізація застосунку PhoneCase Manager...
2026-05-10 18:00:46.297 [JavaFX-Launcher] INFO  c.p.config.DatabaseConnection - Ініціалізація пулу з'єднань: jdbc:sqlite:phonecase.db
2026-05-10 18:00:46.524 [JavaFX-Launcher] INFO  c.p.config.DatabaseConnection - Пул з'єднань створено (5 з'єднань).
2026-05-10 18:00:46.524 [JavaFX-Launcher] INFO  c.p.config.DatabaseInitializer - Ініціалізація схеми бази даних...
2026-05-10 18:00:46.526 [JavaFX-Launcher] INFO  c.p.config.DatabaseInitializer - DDL виконано успішно.
2026-05-10 18:00:46.531 [JavaFX-Launcher] ERROR c.p.config.DatabaseInitializer - Помилка ініціалізації БД: [SQLITE_ERROR] SQL error or missing database (near "яч": syntax error)
org.sqlite.SQLiteException: [SQLITE_ERROR] SQL error or missing database (near "яч": syntax error)
	at org.sqlite.core.DB.newSQLException(DB.java:1179)
	at org.sqlite.core.DB.newSQLException(DB.java:1190)
	at org.sqlite.core.DB.throwex(DB.java:1150)
	at org.sqlite.core.NativeDB.prepare_utf8(Native Method)
	at org.sqlite.core.NativeDB.prepare(NativeDB.java:126)
	at org.sqlite.core.DB.prepare(DB.java:264)
	at org.sqlite.jdbc3.JDBC3Statement.lambda$execute$0(JDBC3Statement.java:51)
	at org.sqlite.jdbc3.JDBC3Statement.withConnectionTimeout(JDBC3Statement.java:455)
	at org.sqlite.jdbc3.JDBC3Statement.execute(JDBC3Statement.java:40)
	at com.phonecase.config.DatabaseInitializer.seedData(DatabaseInitializer.java:226)
	at com.phonecase.config.DatabaseInitializer.initialize(DatabaseInitializer.java:41)
	at com.phonecase.App.init(App.java:50)
	at javafx.graphics@21.0.1/com.sun.javafx.application.LauncherImpl.launchApplication1(LauncherImpl.java:817)
	at javafx.graphics@21.0.1/com.sun.javafx.application.LauncherImpl.lambda$launchApplication$2(LauncherImpl.java:196)
	at java.base/java.lang.Thread.run(Thread.java:1583)
2026-05-10 18:00:46.533 [JavaFX-Launcher] INFO  com.phonecase.App - DI-контейнер та БД ініціалізовано успішно.
2026-05-10 18:00:46.546 [JavaFX Application Thread] INFO  com.phonecase.App - Запуск головного вікна...
2026-05-10 18:00:46.717 [JavaFX Application Thread] DEBUG c.p.ui.controller.LoginController - LoginController ініціалізовано.
2026-05-10 18:00:47.043 [JavaFX Application Thread] INFO  com.phonecase.App - Застосунок запущено.
2026-05-10 18:00:50.791 [Thread-3] ERROR c.p.repository.UserRepositoryImpl - Помилка пошуку користувача: [SQLITE_ERROR] SQL error or missing database (no such table: users)
org.sqlite.SQLiteException: [SQLITE_ERROR] SQL error or missing database (no such table: users)
	at org.sqlite.core.DB.newSQLException(DB.java:1179)
	at org.sqlite.core.DB.newSQLException(DB.java:1190)
	at org.sqlite.core.DB.throwex(DB.java:1150)
	at org.sqlite.core.NativeDB.prepare_utf8(Native Method)
	at org.sqlite.core.NativeDB.prepare(NativeDB.java:126)
	at org.sqlite.core.DB.prepare(DB.java:264)
	at org.sqlite.core.CorePreparedStatement.<init>(CorePreparedStatement.java:46)
	at org.sqlite.jdbc3.JDBC3PreparedStatement.<init>(JDBC3PreparedStatement.java:32)
	at org.sqlite.jdbc4.JDBC4PreparedStatement.<init>(JDBC4PreparedStatement.java:25)
	at org.sqlite.jdbc4.JDBC4Connection.prepareStatement(JDBC4Connection.java:34)
	at org.sqlite.jdbc3.JDBC3Connection.prepareStatement(JDBC3Connection.java:225)
	at org.sqlite.jdbc3.JDBC3Connection.prepareStatement(JDBC3Connection.java:205)
	at com.phonecase.repository.UserRepositoryImpl.findByField(UserRepositoryImpl.java:147)
	at com.phonecase.repository.UserRepositoryImpl.findByUsername(UserRepositoryImpl.java:60)
	at com.phonecase.service.UserServiceImpl.authenticate(UserServiceImpl.java:45)
	at com.phonecase.ui.controller.LoginController$1.call(LoginController.java:103)
	at com.phonecase.ui.controller.LoginController$1.call(LoginController.java:100)
	at javafx.graphics@21.0.1/javafx.concurrent.Task$TaskCallable.call(Task.java:1399)
	at java.base/java.util.concurrent.FutureTask.run(FutureTask.java:317)
	at java.base/java.lang.Thread.run(Thread.java:1583)
2026-05-10 18:03:23.565 [JavaFX-Launcher] INFO  com.phonecase.App - Ініціалізація застосунку PhoneCase Manager...
2026-05-10 18:03:23.722 [JavaFX-Launcher] INFO  c.p.config.DatabaseConnection - Ініціалізація пулу з'єднань: jdbc:sqlite:phonecase.db
2026-05-10 18:03:23.885 [JavaFX-Launcher] INFO  c.p.config.DatabaseConnection - Пул з'єднань створено (5 з'єднань).
2026-05-10 18:03:23.886 [JavaFX-Launcher] INFO  c.p.config.DatabaseInitializer - Ініціалізація схеми бази даних...
2026-05-10 18:03:23.888 [JavaFX-Launcher] INFO  c.p.config.DatabaseInitializer - DDL виконано успішно.
2026-05-10 18:03:23.892 [JavaFX-Launcher] ERROR c.p.config.DatabaseInitializer - Помилка ініціалізації БД: [SQLITE_ERROR] SQL error or missing database (near "яч": syntax error)
org.sqlite.SQLiteException: [SQLITE_ERROR] SQL error or missing database (near "яч": syntax error)
	at org.sqlite.core.DB.newSQLException(DB.java:1179)
	at org.sqlite.core.DB.newSQLException(DB.java:1190)
	at org.sqlite.core.DB.throwex(DB.java:1150)
	at org.sqlite.core.NativeDB.prepare_utf8(Native Method)
	at org.sqlite.core.NativeDB.prepare(NativeDB.java:126)
	at org.sqlite.core.DB.prepare(DB.java:264)
	at org.sqlite.jdbc3.JDBC3Statement.lambda$execute$0(JDBC3Statement.java:51)
	at org.sqlite.jdbc3.JDBC3Statement.withConnectionTimeout(JDBC3Statement.java:455)
	at org.sqlite.jdbc3.JDBC3Statement.execute(JDBC3Statement.java:40)
	at com.phonecase.config.DatabaseInitializer.seedData(DatabaseInitializer.java:226)
	at com.phonecase.config.DatabaseInitializer.initialize(DatabaseInitializer.java:41)
	at com.phonecase.App.init(App.java:50)
	at javafx.graphics@21.0.1/com.sun.javafx.application.LauncherImpl.launchApplication1(LauncherImpl.java:817)
	at javafx.graphics@21.0.1/com.sun.javafx.application.LauncherImpl.lambda$launchApplication$2(LauncherImpl.java:196)
	at java.base/java.lang.Thread.run(Thread.java:1583)
2026-05-10 18:03:23.894 [JavaFX-Launcher] INFO  com.phonecase.App - DI-контейнер та БД ініціалізовано успішно.
2026-05-10 18:03:23.907 [JavaFX Application Thread] INFO  com.phonecase.App - Запуск головного вікна...
2026-05-10 18:03:24.068 [JavaFX Application Thread] DEBUG c.p.ui.controller.LoginController - LoginController ініціалізовано.
2026-05-10 18:03:24.430 [JavaFX Application Thread] INFO  com.phonecase.App - Застосунок запущено.
2026-05-10 18:03:32.579 [Thread-3] ERROR c.p.repository.UserRepositoryImpl - Помилка пошуку користувача: [SQLITE_ERROR] SQL error or missing database (no such table: users)
org.sqlite.SQLiteException: [SQLITE_ERROR] SQL error or missing database (no such table: users)
	at org.sqlite.core.DB.newSQLException(DB.java:1179)
	at org.sqlite.core.DB.newSQLException(DB.java:1190)
	at org.sqlite.core.DB.throwex(DB.java:1150)
	at org.sqlite.core.NativeDB.prepare_utf8(Native Method)
	at org.sqlite.core.NativeDB.prepare(NativeDB.java:126)
	at org.sqlite.core.DB.prepare(DB.java:264)
	at org.sqlite.core.CorePreparedStatement.<init>(CorePreparedStatement.java:46)
	at org.sqlite.jdbc3.JDBC3PreparedStatement.<init>(JDBC3PreparedStatement.java:32)
	at org.sqlite.jdbc4.JDBC4PreparedStatement.<init>(JDBC4PreparedStatement.java:25)
	at org.sqlite.jdbc4.JDBC4Connection.prepareStatement(JDBC4Connection.java:34)
	at org.sqlite.jdbc3.JDBC3Connection.prepareStatement(JDBC3Connection.java:225)
	at org.sqlite.jdbc3.JDBC3Connection.prepareStatement(JDBC3Connection.java:205)
	at com.phonecase.repository.UserRepositoryImpl.findByField(UserRepositoryImpl.java:147)
	at com.phonecase.repository.UserRepositoryImpl.findByUsername(UserRepositoryImpl.java:60)
	at com.phonecase.service.UserServiceImpl.authenticate(UserServiceImpl.java:45)
	at com.phonecase.ui.controller.LoginController$1.call(LoginController.java:103)
	at com.phonecase.ui.controller.LoginController$1.call(LoginController.java:100)
	at javafx.graphics@21.0.1/javafx.concurrent.Task$TaskCallable.call(Task.java:1399)
	at java.base/java.util.concurrent.FutureTask.run(FutureTask.java:317)
	at java.base/java.lang.Thread.run(Thread.java:1583)
2026-05-10 18:07:19.182 [JavaFX-Launcher] INFO  com.phonecase.App - Ініціалізація застосунку PhoneCase Manager...
2026-05-10 18:07:19.336 [JavaFX-Launcher] INFO  c.p.config.DatabaseConnection - Ініціалізація пулу з'єднань: jdbc:sqlite:phonecase.db
2026-05-10 18:07:19.508 [JavaFX-Launcher] INFO  c.p.config.DatabaseConnection - Пул з'єднань створено (5 з'єднань).
2026-05-10 18:07:19.508 [JavaFX-Launcher] INFO  c.p.config.DatabaseInitializer - Ініціалізація схеми бази даних...
2026-05-10 18:07:19.526 [JavaFX-Launcher] INFO  c.p.config.DatabaseInitializer - DDL виконано успішно.
2026-05-10 18:07:19.535 [JavaFX-Launcher] ERROR c.p.config.DatabaseInitializer - Помилка ініціалізації БД: [SQLITE_ERROR] SQL error or missing database (near "яч": syntax error)
org.sqlite.SQLiteException: [SQLITE_ERROR] SQL error or missing database (near "яч": syntax error)
	at org.sqlite.core.DB.newSQLException(DB.java:1179)
	at org.sqlite.core.DB.newSQLException(DB.java:1190)
	at org.sqlite.core.DB.throwex(DB.java:1150)
	at org.sqlite.core.NativeDB.prepare_utf8(Native Method)
	at org.sqlite.core.NativeDB.prepare(NativeDB.java:126)
	at org.sqlite.core.DB.prepare(DB.java:264)
	at org.sqlite.jdbc3.JDBC3Statement.lambda$execute$0(JDBC3Statement.java:51)
	at org.sqlite.jdbc3.JDBC3Statement.withConnectionTimeout(JDBC3Statement.java:455)
	at org.sqlite.jdbc3.JDBC3Statement.execute(JDBC3Statement.java:40)
	at com.phonecase.config.DatabaseInitializer.seedData(DatabaseInitializer.java:223)
	at com.phonecase.config.DatabaseInitializer.initialize(DatabaseInitializer.java:42)
	at com.phonecase.App.init(App.java:50)
	at javafx.graphics@21.0.1/com.sun.javafx.application.LauncherImpl.launchApplication1(LauncherImpl.java:817)
	at javafx.graphics@21.0.1/com.sun.javafx.application.LauncherImpl.lambda$launchApplication$2(LauncherImpl.java:196)
	at java.base/java.lang.Thread.run(Thread.java:1583)
2026-05-10 18:07:19.536 [JavaFX-Launcher] INFO  com.phonecase.App - DI-контейнер та БД ініціалізовано успішно.
2026-05-10 18:07:19.549 [JavaFX Application Thread] INFO  com.phonecase.App - Запуск головного вікна...
2026-05-10 18:07:19.710 [JavaFX Application Thread] DEBUG c.p.ui.controller.LoginController - LoginController ініціалізовано.
2026-05-10 18:07:19.985 [JavaFX Application Thread] INFO  com.phonecase.App - Застосунок запущено.
2026-05-10 18:07:24.416 [JavaFX Application Thread] INFO  c.p.ui.controller.LoginController - Успішний вхід: admin
2026-05-10 18:10:05.945 [JavaFX Application Thread] ERROR c.p.repository.DesignRepositoryImpl - Помилка збереження дизайну: not implemented by SQLite JDBC driver
java.sql.SQLFeatureNotSupportedException: not implemented by SQLite JDBC driver
	at org.sqlite.jdbc3.JDBC3PreparedStatement.unsupported(JDBC3PreparedStatement.java:448)
	at org.sqlite.jdbc3.JDBC3Statement.getGeneratedKeys(JDBC3Statement.java:357)
	at com.phonecase.repository.DesignRepositoryImpl.save(DesignRepositoryImpl.java:46)
	at com.phonecase.repository.DesignRepositoryImpl.save(DesignRepositoryImpl.java:23)
	at com.phonecase.service.DesignServiceImpl.createDesign(DesignServiceImpl.java:57)
	at com.phonecase.ui.controller.MainController.lambda$showDesignDialog$22(MainController.java:466)
	at java.base/java.util.Optional.ifPresent(Optional.java:178)
	at com.phonecase.ui.controller.MainController.showDesignDialog(MainController.java:463)
	at com.phonecase.ui.controller.MainController.handleAddDesign(MainController.java:296)
	at java.base/jdk.internal.reflect.DirectMethodHandleAccessor.invoke(DirectMethodHandleAccessor.java:103)
	at java.base/java.lang.reflect.Method.invoke(Method.java:580)
	at com.sun.javafx.reflect.Trampoline.invoke(MethodUtil.java:72)
	at java.base/jdk.internal.reflect.DirectMethodHandleAccessor.invoke(DirectMethodHandleAccessor.java:103)
	at java.base/java.lang.reflect.Method.invoke(Method.java:580)
	at javafx.base@21.0.1/com.sun.javafx.reflect.MethodUtil.invoke(MethodUtil.java:270)
	at javafx.fxml@21.0.1/com.sun.javafx.fxml.MethodHelper.invoke(MethodHelper.java:84)
	at javafx.fxml@21.0.1/javafx.fxml.FXMLLoader$MethodHandler.invoke(FXMLLoader.java:1855)
	at javafx.fxml@21.0.1/javafx.fxml.FXMLLoader$ControllerMethodEventHandler.handle(FXMLLoader.java:1726)
	at javafx.base@21.0.1/com.sun.javafx.event.CompositeEventHandler.dispatchBubblingEvent(CompositeEventHandler.java:86)
	at javafx.base@21.0.1/com.sun.javafx.event.EventHandlerManager.dispatchBubblingEvent(EventHandlerManager.java:232)
	at javafx.base@21.0.1/com.sun.javafx.event.EventHandlerManager.dispatchBubblingEvent(EventHandlerManager.java:189)
	at javafx.base@21.0.1/com.sun.javafx.event.CompositeEventDispatcher.dispatchBubblingEvent(CompositeEventDispatcher.java:59)
	at javafx.base@21.0.1/com.sun.javafx.event.BasicEventDispatcher.dispatchEvent(BasicEventDispatcher.java:58)
	at javafx.base@21.0.1/com.sun.javafx.event.EventDispatchChainImpl.dispatchEvent(EventDispatchChainImpl.java:114)
	at javafx.base@21.0.1/com.sun.javafx.event.BasicEventDispatcher.dispatchEvent(BasicEventDispatcher.java:56)
	at javafx.base@21.0.1/com.sun.javafx.event.EventDispatchChainImpl.dispatchEvent(EventDispatchChainImpl.java:114)
	at javafx.base@21.0.1/com.sun.javafx.event.BasicEventDispatcher.dispatchEvent(BasicEventDispatcher.java:56)
	at javafx.base@21.0.1/com.sun.javafx.event.EventDispatchChainImpl.dispatchEvent(EventDispatchChainImpl.java:114)
	at javafx.base@21.0.1/com.sun.javafx.event.BasicEventDispatcher.dispatchEvent(BasicEventDispatcher.java:56)
	at javafx.base@21.0.1/com.sun.javafx.event.EventDispatchChainImpl.dispatchEvent(EventDispatchChainImpl.java:114)
	at javafx.base@21.0.1/com.sun.javafx.event.EventUtil.fireEventImpl(EventUtil.java:74)
	at javafx.base@21.0.1/com.sun.javafx.event.EventUtil.fireEvent(EventUtil.java:49)
	at javafx.base@21.0.1/javafx.event.Event.fireEvent(Event.java:198)
	at javafx.graphics@21.0.1/javafx.scene.Node.fireEvent(Node.java:8875)
	at javafx.controls@21.0.1/javafx.scene.control.Button.fire(Button.java:203)
	at javafx.controls@21.0.1/com.sun.javafx.scene.control.behavior.ButtonBehavior.mouseReleased(ButtonBehavior.java:207)
	at javafx.controls@21.0.1/com.sun.javafx.scene.control.inputmap.InputMap.handle(InputMap.java:274)
	at javafx.base@21.0.1/com.sun.javafx.event.CompositeEventHandler$NormalEventHandlerRecord.handleBubblingEvent(CompositeEventHandler.java:247)
	at javafx.base@21.0.1/com.sun.javafx.event.CompositeEventHandler.dispatchBubblingEvent(CompositeEventHandler.java:80)
	at javafx.base@21.0.1/com.sun.javafx.event.EventHandlerManager.dispatchBubblingEvent(EventHandlerManager.java:232)
	at javafx.base@21.0.1/com.sun.javafx.event.EventHandlerManager.dispatchBubblingEvent(EventHandlerManager.java:189)
	at javafx.base@21.0.1/com.sun.javafx.event.CompositeEventDispatcher.dispatchBubblingEvent(CompositeEventDispatcher.java:59)
	at javafx.base@21.0.1/com.sun.javafx.event.BasicEventDispatcher.dispatchEvent(BasicEventDispatcher.java:58)
	at javafx.base@21.0.1/com.sun.javafx.event.EventDispatchChainImpl.dispatchEvent(EventDispatchChainImpl.java:114)
	at javafx.base@21.0.1/com.sun.javafx.event.BasicEventDispatcher.dispatchEvent(BasicEventDispatcher.java:56)
	at javafx.base@21.0.1/com.sun.javafx.event.EventDispatchChainImpl.dispatchEvent(EventDispatchChainImpl.java:114)
	at javafx.base@21.0.1/com.sun.javafx.event.BasicEventDispatcher.dispatchEvent(BasicEventDispatcher.java:56)
	at javafx.base@21.0.1/com.sun.javafx.event.EventDispatchChainImpl.dispatchEvent(EventDispatchChainImpl.java:114)
	at javafx.base@21.0.1/com.sun.javafx.event.BasicEventDispatcher.dispatchEvent(BasicEventDispatcher.java:56)
	at javafx.base@21.0.1/com.sun.javafx.event.EventDispatchChainImpl.dispatchEvent(EventDispatchChainImpl.java:114)
	at javafx.base@21.0.1/com.sun.javafx.event.EventUtil.fireEventImpl(EventUtil.java:74)
	at javafx.base@21.0.1/com.sun.javafx.event.EventUtil.fireEvent(EventUtil.java:54)
	at javafx.base@21.0.1/javafx.event.Event.fireEvent(Event.java:198)
	at javafx.graphics@21.0.1/javafx.scene.Scene$MouseHandler.process(Scene.java:3984)
	at javafx.graphics@21.0.1/javafx.scene.Scene.processMouseEvent(Scene.java:1890)
	at javafx.graphics@21.0.1/javafx.scene.Scene$ScenePeerListener.mouseEvent(Scene.java:2708)
	at javafx.graphics@21.0.1/com.sun.javafx.tk.quantum.GlassViewEventHandler$MouseEventNotification.run(GlassViewEventHandler.java:411)
	at javafx.graphics@21.0.1/com.sun.javafx.tk.quantum.GlassViewEventHandler$MouseEventNotification.run(GlassViewEventHandler.java:301)
	at java.base/java.security.AccessController.doPrivileged(AccessController.java:400)
	at javafx.graphics@21.0.1/com.sun.javafx.tk.quantum.GlassViewEventHandler.lambda$handleMouseEvent$2(GlassViewEventHandler.java:450)
	at javafx.graphics@21.0.1/com.sun.javafx.tk.quantum.QuantumToolkit.runWithoutRenderLock(QuantumToolkit.java:424)
	at javafx.graphics@21.0.1/com.sun.javafx.tk.quantum.GlassViewEventHandler.handleMouseEvent(GlassViewEventHandler.java:449)
	at javafx.graphics@21.0.1/com.sun.glass.ui.View.handleMouseEvent(View.java:551)
	at javafx.graphics@21.0.1/com.sun.glass.ui.View.notifyMouse(View.java:937)
	at javafx.graphics@21.0.1/com.sun.glass.ui.win.WinApplication._runLoop(Native Method)
	at javafx.graphics@21.0.1/com.sun.glass.ui.win.WinApplication.lambda$runLoop$3(WinApplication.java:185)
	at java.base/java.lang.Thread.run(Thread.java:1583)
2026-05-10 18:11:28.497 [main] INFO  c.p.config.DatabaseConnection - Ініціалізація пулу з'єднань: jdbc:sqlite:phonecase.db
2026-05-10 18:11:28.683 [main] INFO  c.p.config.DatabaseConnection - Пул з'єднань створено (5 з'єднань).
2026-05-10 18:11:28.868 [main] DEBUG c.p.repository.DesignRepositoryImpl - Дизайн збережено: id=1, name=Тестовий дизайн
2026-05-10 18:11:28.879 [main] DEBUG c.p.repository.DesignRepositoryImpl - Дизайн збережено: id=2, name=Дизайн для пошуку
2026-05-10 18:11:28.893 [main] DEBUG c.p.repository.DesignRepositoryImpl - Дизайн збережено: id=3, name=Дизайн до оновлення
2026-05-10 18:11:28.895 [main] DEBUG c.p.repository.DesignRepositoryImpl - Дизайн оновлено: id=3
2026-05-10 18:11:28.898 [main] DEBUG c.p.repository.DesignRepositoryImpl - Дизайн збережено: id=4, name=Дизайн для видалення
2026-05-10 18:11:28.899 [main] DEBUG c.p.repository.DesignRepositoryImpl - Дизайн видалено: id=4, affected=1
2026-05-10 18:11:28.901 [main] DEBUG c.p.repository.DesignRepositoryImpl - Дизайн збережено: id=5, name=Гірський пейзаж
2026-05-10 18:11:28.902 [main] DEBUG c.p.repository.DesignRepositoryImpl - Дизайн збережено: id=6, name=Морський захід
2026-05-10 21:40:14.011 [JavaFX-Launcher] INFO  com.phonecase.App - Ініціалізація застосунку PhoneCase Manager...
2026-05-10 21:40:14.166 [JavaFX-Launcher] INFO  c.p.config.DatabaseConnection - Ініціалізація пулу з'єднань: jdbc:sqlite:phonecase.db
2026-05-10 21:40:14.390 [JavaFX-Launcher] INFO  c.p.config.DatabaseConnection - Пул з'єднань створено (5 з'єднань).
2026-05-10 21:40:14.391 [JavaFX-Launcher] INFO  c.p.config.DatabaseInitializer - Ініціалізація схеми бази даних...
2026-05-10 21:40:14.392 [JavaFX-Launcher] INFO  c.p.config.DatabaseInitializer - DDL виконано успішно.
2026-05-10 21:40:14.394 [JavaFX-Launcher] INFO  c.p.config.DatabaseInitializer - Тестові дані вже існують — пропускаємо seed.
2026-05-10 21:40:14.394 [JavaFX-Launcher] INFO  c.p.config.DatabaseInitializer - Схема та початкові дані успішно ініціалізовано.
2026-05-10 21:40:14.394 [JavaFX-Launcher] INFO  com.phonecase.App - DI-контейнер та БД ініціалізовано успішно.
2026-05-10 21:40:14.407 [JavaFX Application Thread] INFO  com.phonecase.App - Запуск головного вікна...
2026-05-10 21:40:14.564 [JavaFX Application Thread] DEBUG c.p.ui.controller.LoginController - LoginController ініціалізовано.
2026-05-10 21:40:14.844 [JavaFX Application Thread] INFO  com.phonecase.App - Застосунок запущено.
2026-05-10 21:40:17.977 [JavaFX Application Thread] INFO  c.p.ui.controller.LoginController - Успішний вхід: admin
2026-05-10 21:40:19.987 [JavaFX Application Thread] DEBUG c.p.ui.controller.LoginController - LoginController ініціалізовано.
2026-05-10 21:40:24.764 [JavaFX Application Thread] INFO  c.p.ui.controller.LoginController - Успішний вхід: admin
2026-05-10 22:03:02.682 [JavaFX Application Thread] ERROR c.p.repository.DesignRepositoryImpl - Помилка збереження дизайну: not implemented by SQLite JDBC driver
java.sql.SQLFeatureNotSupportedException: not implemented by SQLite JDBC driver
	at org.sqlite.jdbc3.JDBC3PreparedStatement.unsupported(JDBC3PreparedStatement.java:448)
	at org.sqlite.jdbc3.JDBC3Statement.getGeneratedKeys(JDBC3Statement.java:357)
	at com.phonecase.repository.DesignRepositoryImpl.save(DesignRepositoryImpl.java:46)
	at com.phonecase.repository.DesignRepositoryImpl.save(DesignRepositoryImpl.java:23)
	at com.phonecase.service.DesignServiceImpl.createDesign(DesignServiceImpl.java:57)
	at com.phonecase.ui.controller.MainController.lambda$showDesignDialog$22(MainController.java:466)
	at java.base/java.util.Optional.ifPresent(Optional.java:178)
	at com.phonecase.ui.controller.MainController.showDesignDialog(MainController.java:463)
	at com.phonecase.ui.controller.MainController.handleAddDesign(MainController.java:296)
	at java.base/jdk.internal.reflect.DirectMethodHandleAccessor.invoke(DirectMethodHandleAccessor.java:103)
	at java.base/java.lang.reflect.Method.invoke(Method.java:580)
	at com.sun.javafx.reflect.Trampoline.invoke(MethodUtil.java:72)
	at java.base/jdk.internal.reflect.DirectMethodHandleAccessor.invoke(DirectMethodHandleAccessor.java:103)
	at java.base/java.lang.reflect.Method.invoke(Method.java:580)
	at javafx.base@21.0.1/com.sun.javafx.reflect.MethodUtil.invoke(MethodUtil.java:270)
	at javafx.fxml@21.0.1/com.sun.javafx.fxml.MethodHelper.invoke(MethodHelper.java:84)
	at javafx.fxml@21.0.1/javafx.fxml.FXMLLoader$MethodHandler.invoke(FXMLLoader.java:1855)
	at javafx.fxml@21.0.1/javafx.fxml.FXMLLoader$ControllerMethodEventHandler.handle(FXMLLoader.java:1726)
	at javafx.base@21.0.1/com.sun.javafx.event.CompositeEventHandler.dispatchBubblingEvent(CompositeEventHandler.java:86)
	at javafx.base@21.0.1/com.sun.javafx.event.EventHandlerManager.dispatchBubblingEvent(EventHandlerManager.java:232)
	at javafx.base@21.0.1/com.sun.javafx.event.EventHandlerManager.dispatchBubblingEvent(EventHandlerManager.java:189)
	at javafx.base@21.0.1/com.sun.javafx.event.CompositeEventDispatcher.dispatchBubblingEvent(CompositeEventDispatcher.java:59)
	at javafx.base@21.0.1/com.sun.javafx.event.BasicEventDispatcher.dispatchEvent(BasicEventDispatcher.java:58)
	at javafx.base@21.0.1/com.sun.javafx.event.EventDispatchChainImpl.dispatchEvent(EventDispatchChainImpl.java:114)
	at javafx.base@21.0.1/com.sun.javafx.event.BasicEventDispatcher.dispatchEvent(BasicEventDispatcher.java:56)
	at javafx.base@21.0.1/com.sun.javafx.event.EventDispatchChainImpl.dispatchEvent(EventDispatchChainImpl.java:114)
	at javafx.base@21.0.1/com.sun.javafx.event.BasicEventDispatcher.dispatchEvent(BasicEventDispatcher.java:56)
	at javafx.base@21.0.1/com.sun.javafx.event.EventDispatchChainImpl.dispatchEvent(EventDispatchChainImpl.java:114)
	at javafx.base@21.0.1/com.sun.javafx.event.BasicEventDispatcher.dispatchEvent(BasicEventDispatcher.java:56)
	at javafx.base@21.0.1/com.sun.javafx.event.EventDispatchChainImpl.dispatchEvent(EventDispatchChainImpl.java:114)
	at javafx.base@21.0.1/com.sun.javafx.event.EventUtil.fireEventImpl(EventUtil.java:74)
	at javafx.base@21.0.1/com.sun.javafx.event.EventUtil.fireEvent(EventUtil.java:49)
	at javafx.base@21.0.1/javafx.event.Event.fireEvent(Event.java:198)
	at javafx.graphics@21.0.1/javafx.scene.Node.fireEvent(Node.java:8875)
	at javafx.controls@21.0.1/javafx.scene.control.Button.fire(Button.java:203)
	at javafx.controls@21.0.1/com.sun.javafx.scene.control.behavior.ButtonBehavior.mouseReleased(ButtonBehavior.java:207)
	at javafx.controls@21.0.1/com.sun.javafx.scene.control.inputmap.InputMap.handle(InputMap.java:274)
	at javafx.base@21.0.1/com.sun.javafx.event.CompositeEventHandler$NormalEventHandlerRecord.handleBubblingEvent(CompositeEventHandler.java:247)
	at javafx.base@21.0.1/com.sun.javafx.event.CompositeEventHandler.dispatchBubblingEvent(CompositeEventHandler.java:80)
	at javafx.base@21.0.1/com.sun.javafx.event.EventHandlerManager.dispatchBubblingEvent(EventHandlerManager.java:232)
	at javafx.base@21.0.1/com.sun.javafx.event.EventHandlerManager.dispatchBubblingEvent(EventHandlerManager.java:189)
	at javafx.base@21.0.1/com.sun.javafx.event.CompositeEventDispatcher.dispatchBubblingEvent(CompositeEventDispatcher.java:59)
	at javafx.base@21.0.1/com.sun.javafx.event.BasicEventDispatcher.dispatchEvent(BasicEventDispatcher.java:58)
	at javafx.base@21.0.1/com.sun.javafx.event.EventDispatchChainImpl.dispatchEvent(EventDispatchChainImpl.java:114)
	at javafx.base@21.0.1/com.sun.javafx.event.BasicEventDispatcher.dispatchEvent(BasicEventDispatcher.java:56)
	at javafx.base@21.0.1/com.sun.javafx.event.EventDispatchChainImpl.dispatchEvent(EventDispatchChainImpl.java:114)
	at javafx.base@21.0.1/com.sun.javafx.event.BasicEventDispatcher.dispatchEvent(BasicEventDispatcher.java:56)
	at javafx.base@21.0.1/com.sun.javafx.event.EventDispatchChainImpl.dispatchEvent(EventDispatchChainImpl.java:114)
	at javafx.base@21.0.1/com.sun.javafx.event.BasicEventDispatcher.dispatchEvent(BasicEventDispatcher.java:56)
	at javafx.base@21.0.1/com.sun.javafx.event.EventDispatchChainImpl.dispatchEvent(EventDispatchChainImpl.java:114)
	at javafx.base@21.0.1/com.sun.javafx.event.EventUtil.fireEventImpl(EventUtil.java:74)
	at javafx.base@21.0.1/com.sun.javafx.event.EventUtil.fireEvent(EventUtil.java:54)
	at javafx.base@21.0.1/javafx.event.Event.fireEvent(Event.java:198)
	at javafx.graphics@21.0.1/javafx.scene.Scene$MouseHandler.process(Scene.java:3984)
	at javafx.graphics@21.0.1/javafx.scene.Scene.processMouseEvent(Scene.java:1890)
	at javafx.graphics@21.0.1/javafx.scene.Scene$ScenePeerListener.mouseEvent(Scene.java:2708)
	at javafx.graphics@21.0.1/com.sun.javafx.tk.quantum.GlassViewEventHandler$MouseEventNotification.run(GlassViewEventHandler.java:411)
	at javafx.graphics@21.0.1/com.sun.javafx.tk.quantum.GlassViewEventHandler$MouseEventNotification.run(GlassViewEventHandler.java:301)
	at java.base/java.security.AccessController.doPrivileged(AccessController.java:400)
	at javafx.graphics@21.0.1/com.sun.javafx.tk.quantum.GlassViewEventHandler.lambda$handleMouseEvent$2(GlassViewEventHandler.java:450)
	at javafx.graphics@21.0.1/com.sun.javafx.tk.quantum.QuantumToolkit.runWithoutRenderLock(QuantumToolkit.java:424)
	at javafx.graphics@21.0.1/com.sun.javafx.tk.quantum.GlassViewEventHandler.handleMouseEvent(GlassViewEventHandler.java:449)
	at javafx.graphics@21.0.1/com.sun.glass.ui.View.handleMouseEvent(View.java:551)
	at javafx.graphics@21.0.1/com.sun.glass.ui.View.notifyMouse(View.java:937)
	at javafx.graphics@21.0.1/com.sun.glass.ui.win.WinApplication._runLoop(Native Method)
	at javafx.graphics@21.0.1/com.sun.glass.ui.win.WinApplication.lambda$runLoop$3(WinApplication.java:185)
	at java.base/java.lang.Thread.run(Thread.java:1583)
